[09/05/26 16:13:42] INFO     events=43589  data_max=2026-08-10  a1_replay.py:535
                             grid=448 weekly as-ofs 2018-01-01                  
                             -> 2026-07-27                                      
[09/05/26 16:13:43] INFO     hindsight legs for truth: 20351    a1_replay.py:549

============================================================================================================================
A1 REPLAY SCORECARD
============================================================================================================================
scored observations: 1792   regimes: ['gfw', 'noaa']   span: 2018-01-01 -> 2026-07-27
unsupported-curve rows: 0 (excluded from headline)   legs beyond curve support: 16532

--- W1 ----------------------------------------------------------------------------------------------------------------
slice                           n  truth   fcst   bias  A1 MAE   RMSE   CRPS  persist   clim  cov50  cov80
regime=gfw                    448   1.55   1.40  -0.14   0.950   1.29  0.650    1.199  1.006  72.8%  87.1%  <= beats both
regime=noaa                   448   5.86   5.63  -0.24   2.314   3.22  1.652    2.217  1.814  51.8%  73.7%

  by year (noaa):
  slice                           n  truth   fcst   bias  A1 MAE   RMSE   CRPS  persist   clim  cov50  cov80
  2018                           53   0.60   0.52  -0.08   0.691   0.90  0.427    0.906  0.731  88.7%  90.6%  <= beats both
  2019                           52   1.85   1.13  -0.72   1.190   1.54  0.883    1.327  1.058  57.7%  73.1%  <= beats one
  2020                           52   2.04   2.03  -0.01   1.333   1.68  0.912    1.846  1.322  57.7%  88.5%  <= beats one
  2021                           52   3.60   3.75  +0.15   1.826   2.26  1.293    2.250  1.668  46.2%  75.0%  <= beats one
  2022                           52   9.48   6.00  -3.48   3.902   4.70  3.037    3.365  2.673  34.6%  48.1%
  2023                           52  10.73  11.40  +0.67   2.904   3.46  1.996    2.596  2.312  44.2%  78.8%
  2024                           53   8.60  11.36  +2.76   3.517   3.91  2.357    3.000  2.259  32.1%  62.3%
  2025                           52  13.44  11.17  -2.27   3.599   4.27  2.569    3.654  2.957  40.4%  63.5%  <= beats one
  2026                           30   0.00   1.55  +1.55   1.546   4.23  1.216    0.133  1.025  73.3%  90.0%

  regime-episode split (noaa, MODELS.md §0·3 #1):
  slice                           n  truth   fcst   bias  A1 MAE   RMSE   CRPS  persist   clim  cov50  cov80
  2021-22 (crisis)              104   6.54   4.88  -1.66   2.864   3.69  2.165    2.808  2.171  40.4%  61.5%
  all other years               344   5.66   5.86  +0.20   2.148   3.06  1.496    2.038  1.706  55.2%  77.3%

  PIT histogram (noaa, seed=20260810) — uniform => calibrated:
    [0.0,0.1)    72  ################################################################
    [0.1,0.2)    53  ###############################################
    [0.2,0.3)    23  #####################
    [0.3,0.4)    39  ###################################
    [0.4,0.5)    31  ############################
    [0.5,0.6)    18  ################
    [0.6,0.7)    37  #################################
    [0.7,0.8)    31  ############################
    [0.8,0.9)    47  ##########################################
    [0.9,1.0)    97  #######################################################################################

--- W2 ----------------------------------------------------------------------------------------------------------------
slice                           n  truth   fcst   bias  A1 MAE   RMSE   CRPS  persist   clim  cov50  cov80
regime=gfw                    448   1.45   1.32  -0.13   0.942   1.28  0.640    1.230  0.995  74.1%  87.9%  <= beats both
regime=noaa                   448   5.47   5.19  -0.28   2.112   2.92  1.495    2.042  1.765  55.4%  76.1%

  by year (noaa):
  slice                           n  truth   fcst   bias  A1 MAE   RMSE   CRPS  persist   clim  cov50  cov80
  2018                           53   0.51   0.47  -0.04   0.625   0.75  0.364    0.736  0.656  88.7%  92.5%  <= beats both
  2019                           52   1.69   1.04  -0.65   1.100   1.37  0.800    1.212  1.019  59.6%  76.9%  <= beats one
  2020                           52   1.92   1.85  -0.07   1.259   1.57  0.851    1.538  1.120  59.6%  86.5%  <= beats one
  2021                           52   3.46   3.51  +0.05   1.825   2.20  1.261    2.154  1.707  44.2%  78.8%  <= beats one
  2022                           52   8.67   5.51  -3.16   3.564   4.20  2.708    3.365  2.385  32.7%  51.9%
  2023                           52  10.25  10.56  +0.31   2.672   3.27  1.876    2.577  2.341  53.8%  75.0%
  2024                           53   8.09  10.33  +2.24   3.126   3.57  2.123    2.377  2.429  37.7%  67.9%
  2025                           52  12.33  10.77  -1.55   3.488   4.44  2.528    3.500  2.899  51.9%  69.2%  <= beats one
  2026                           30   0.00   0.80  +0.80   0.804   2.21  0.559    0.133  1.025  80.0%  93.3%  <= beats one

  regime-episode split (noaa, MODELS.md §0·3 #1):
  slice                           n  truth   fcst   bias  A1 MAE   RMSE   CRPS  persist   clim  cov50  cov80
  2021-22 (crisis)              104   6.07   4.51  -1.55   2.695   3.35  1.985    2.760  2.046  38.5%  65.4%  <= beats one
  all other years               344   5.28   5.40  +0.11   1.936   2.78  1.347    1.826  1.680  60.5%  79.4%

  PIT histogram (noaa, seed=20260810) — uniform => calibrated:
    [0.0,0.1)    65  ##########################################################
    [0.1,0.2)    32  #############################
    [0.2,0.3)    51  ##############################################
    [0.3,0.4)    40  ####################################
    [0.4,0.5)    25  ######################
    [0.5,0.6)    29  ##########################
    [0.6,0.7)    30  ###########################
    [0.7,0.8)    38  ##################################
    [0.8,0.9)    42  ######################################
    [0.9,1.0)    96  ######################################################################################

============================================================================================================================
PRE-REGISTERED ACCEPTANCE (D-003)
============================================================================================================================
  (a) W1 MAE beats BOTH nulls  : A1 2.314 vs persist 2.217, clim 1.814  -> FAIL
  (b) 80% coverage in [70,90]% : 73.7%  -> PASS

  VERDICT: A1 does NOT meet the bar
[results] wrote paper/results/a1.json
