[09/05/26 16:13:51] INFO     events=43589  data_max=2026-08-10  a1_replay.py:535
                             grid=446 weekly as-ofs 2018-01-01                  
                             -> 2026-07-13                                      
                    INFO     hindsight legs for truth: 20351    a1_replay.py:549

============================================================================================================================
A1 REPLAY SCORECARD
============================================================================================================================
scored observations: 3568   regimes: ['gfw', 'noaa']   span: 2018-01-01 -> 2026-07-13
unsupported-curve rows: 0 (excluded from headline)   legs beyond curve support: 33064

--- W1 ----------------------------------------------------------------------------------------------------------------
slice                           n  truth   fcst   bias  A1 MAE   RMSE   CRPS  persist   clim  cov50  cov80
regime=gfw                    446   1.56   1.41  -0.14   0.954   1.30  0.653    1.204  1.011  72.6%  87.0%  <= beats both
regime=noaa                   446   5.89   5.65  -0.24   2.324   3.23  1.659    2.226  1.822  51.6%  73.5%

  by year (noaa):
  slice                           n  truth   fcst   bias  A1 MAE   RMSE   CRPS  persist   clim  cov50  cov80
  2018                           53   0.60   0.52  -0.08   0.691   0.90  0.427    0.906  0.731  88.7%  90.6%  <= beats both
  2019                           52   1.85   1.13  -0.72   1.190   1.54  0.883    1.327  1.058  57.7%  73.1%  <= beats one
  2020                           52   2.04   2.03  -0.01   1.333   1.68  0.912    1.846  1.322  57.7%  88.5%  <= beats one
  2021                           52   3.60   3.75  +0.15   1.826   2.26  1.293    2.250  1.668  46.2%  75.0%  <= beats one
  2022                           52   9.48   6.00  -3.48   3.902   4.70  3.037    3.365  2.673  34.6%  48.1%
  2023                           52  10.73  11.40  +0.67   2.904   3.46  1.996    2.596  2.312  44.2%  78.8%
  2024                           53   8.60  11.36  +2.76   3.517   3.91  2.357    3.000  2.259  32.1%  62.3%
  2025                           52  13.44  11.17  -2.27   3.599   4.27  2.569    3.654  2.957  40.4%  63.5%  <= beats one
  2026                           28   0.00   1.66  +1.66   1.657   4.38  1.303    0.143  1.098  71.4%  89.3%

  regime-episode split (noaa, MODELS.md §0·3 #1):
  slice                           n  truth   fcst   bias  A1 MAE   RMSE   CRPS  persist   clim  cov50  cov80
  2021-22 (crisis)              104   6.54   4.88  -1.66   2.864   3.69  2.165    2.808  2.171  40.4%  61.5%
  all other years               342   5.69   5.89  +0.20   2.160   3.07  1.505    2.050  1.716  55.0%  77.2%

  PIT histogram (noaa, seed=20260810) — uniform => calibrated:
    [0.0,0.1)    69  ##############################################################
    [0.1,0.2)    42  ######################################
    [0.2,0.3)    42  ######################################
    [0.3,0.4)    32  #############################
    [0.4,0.5)    37  #################################
    [0.5,0.6)    23  #####################
    [0.6,0.7)    19  #################
    [0.7,0.8)    40  ####################################
    [0.8,0.9)    46  #########################################
    [0.9,1.0)    96  ######################################################################################

--- W2 ----------------------------------------------------------------------------------------------------------------
slice                           n  truth   fcst   bias  A1 MAE   RMSE   CRPS  persist   clim  cov50  cov80
regime=gfw                    446   1.46   1.33  -0.13   0.946   1.28  0.643    1.235  0.999  74.0%  87.9%  <= beats both
regime=noaa                   446   5.49   5.21  -0.28   2.121   2.93  1.502    2.052  1.773  55.2%  76.0%

  by year (noaa):
  slice                           n  truth   fcst   bias  A1 MAE   RMSE   CRPS  persist   clim  cov50  cov80
  2018                           53   0.51   0.47  -0.04   0.625   0.75  0.364    0.736  0.656  88.7%  92.5%  <= beats both
  2019                           52   1.69   1.04  -0.65   1.100   1.37  0.800    1.212  1.019  59.6%  76.9%  <= beats one
  2020                           52   1.92   1.85  -0.07   1.259   1.57  0.851    1.538  1.120  59.6%  86.5%  <= beats one
  2021                           52   3.46   3.51  +0.05   1.825   2.20  1.261    2.154  1.707  44.2%  78.8%  <= beats one
  2022                           52   8.67   5.51  -3.16   3.564   4.20  2.708    3.365  2.385  32.7%  51.9%
  2023                           52  10.25  10.56  +0.31   2.672   3.27  1.876    2.577  2.341  53.8%  75.0%
  2024                           53   8.09  10.33  +2.24   3.126   3.57  2.123    2.377  2.429  37.7%  67.9%
  2025                           52  12.33  10.77  -1.55   3.488   4.44  2.528    3.500  2.899  51.9%  69.2%  <= beats one
  2026                           28   0.00   0.86  +0.86   0.861   2.29  0.599    0.143  1.098  78.6%  92.9%  <= beats one

  regime-episode split (noaa, MODELS.md §0·3 #1):
  slice                           n  truth   fcst   bias  A1 MAE   RMSE   CRPS  persist   clim  cov50  cov80
  2021-22 (crisis)              104   6.07   4.51  -1.55   2.695   3.35  1.985    2.760  2.046  38.5%  65.4%  <= beats one
  all other years               342   5.32   5.43  +0.11   1.947   2.79  1.355    1.836  1.690  60.2%  79.2%

  PIT histogram (noaa, seed=20260810) — uniform => calibrated:
    [0.0,0.1)    63  #########################################################
    [0.1,0.2)    51  ##############################################
    [0.2,0.3)    36  ################################
    [0.3,0.4)    37  #################################
    [0.4,0.5)    27  ########################
    [0.5,0.6)    27  ########################
    [0.6,0.7)    27  ########################
    [0.7,0.8)    34  ##############################
    [0.8,0.9)    49  ############################################
    [0.9,1.0)    95  #####################################################################################

--- W3 ----------------------------------------------------------------------------------------------------------------
slice                           n  truth   fcst   bias  A1 MAE   RMSE   CRPS  persist   clim  cov50  cov80
regime=gfw                    446   0.65   0.58  -0.06   0.645   0.87  0.408    1.235  1.122  81.8%  91.9%  <= beats both
regime=noaa                   446   1.98   1.93  -0.05   1.170   1.67  0.805    4.146  4.058  69.7%  85.9%  <= beats both

  by year (noaa):
  slice                           n  truth   fcst   bias  A1 MAE   RMSE   CRPS  persist   clim  cov50  cov80
  2018                           53   0.32   0.27  -0.06   0.424   0.53  0.234    0.736  0.637  84.9%  96.2%  <= beats both
  2019                           52   0.71   0.57  -0.15   0.674   0.80  0.428    1.462  1.260  82.7%  90.4%  <= beats both
  2020                           52   0.65   0.73  +0.08   0.724   0.91  0.435    1.808  1.630  84.6%  90.4%  <= beats both
  2021                           52   1.35   1.32  -0.03   0.926   1.20  0.611    2.731  2.389  76.9%  92.3%  <= beats both
  2022                           52   3.31   1.85  -1.45   1.648   2.09  1.260    6.192  6.000  50.0%  65.4%  <= beats both
  2023                           52   3.92   4.05  +0.13   1.648   2.18  1.178    6.827  6.803  65.4%  84.6%  <= beats both
  2024                           53   2.62   3.76  +1.13   1.770   2.10  1.176    5.925  5.986  50.9%  83.0%  <= beats both
  2025                           52   4.00   3.69  -0.31   1.967   2.59  1.443    9.673  9.380  51.9%  78.8%  <= beats both
  2026                           28   0.00   0.40  +0.40   0.400   0.75  0.210    0.143  1.098  89.3%  96.4%  <= beats one

  regime-episode split (noaa, MODELS.md §0·3 #1):
  slice                           n  truth   fcst   bias  A1 MAE   RMSE   CRPS  persist   clim  cov50  cov80
  2021-22 (crisis)              104   2.33   1.59  -0.74   1.287   1.71  0.935    4.462  4.195  63.5%  78.8%  <= beats both
  all other years               342   1.87   2.03  +0.16   1.135   1.65  0.765    4.050  4.016  71.6%  88.0%  <= beats both

  PIT histogram (noaa, seed=20260810) — uniform => calibrated:
    [0.0,0.1)    45  ########################################
    [0.1,0.2)    50  #############################################
    [0.2,0.3)    55  #################################################
    [0.3,0.4)    35  ###############################
    [0.4,0.5)    46  #########################################
    [0.5,0.6)    34  ##############################
    [0.6,0.7)    39  ###################################
    [0.7,0.8)    42  ######################################
    [0.8,0.9)    33  ##############################
    [0.9,1.0)    67  ############################################################

--- W4 ----------------------------------------------------------------------------------------------------------------
slice                           n  truth   fcst   bias  A1 MAE   RMSE   CRPS  persist   clim  cov50  cov80
regime=gfw                    446   0.30   0.29  -0.01   0.415   0.56  0.230    1.410  1.368  87.0%  95.7%  <= beats both
regime=noaa                   446   0.75   0.79  +0.04   0.691   0.94  0.441    5.247  5.208  82.5%  94.2%  <= beats both

  by year (noaa):
  slice                           n  truth   fcst   bias  A1 MAE   RMSE   CRPS  persist   clim  cov50  cov80
  2018                           53   0.32   0.25  -0.07   0.415   0.51  0.232    0.623  0.533  77.4%  98.1%  <= beats both
  2019                           52   0.50   0.44  -0.06   0.561   0.62  0.321    1.442  1.308  92.3%  96.2%  <= beats both
  2020                           52   0.29   0.41  +0.12   0.481   0.55  0.232    2.019  1.899  92.3%  96.2%  <= beats both
  2021                           52   0.75   0.69  -0.06   0.664   0.87  0.425    2.904  2.736  82.7%  94.2%  <= beats both
  2022                           52   1.60   0.88  -0.71   1.001   1.54  0.795    7.827  7.712  71.2%  78.8%  <= beats both
  2023                           52   1.06   1.68  +0.63   0.973   1.15  0.612    9.692  9.668  69.2%  98.1%  <= beats both
  2024                           53   0.94   1.21  +0.27   0.767   0.93  0.496    7.604  7.665  86.8%  96.2%  <= beats both
  2025                           52   0.98   1.05  +0.07   0.894   1.07  0.587   12.654 12.399  78.8%  92.3%  <= beats both
  2026                           28   0.00   0.27  +0.27   0.273   0.51  0.124    0.143  1.098 100.0% 100.0%  <= beats one

  regime-episode split (noaa, MODELS.md §0·3 #1):
  slice                           n  truth   fcst   bias  A1 MAE   RMSE   CRPS  persist   clim  cov50  cov80
  2021-22 (crisis)              104   1.17   0.79  -0.39   0.833   1.25  0.610    5.365  5.224  76.9%  86.5%  <= beats both
  all other years               342   0.63   0.79  +0.17   0.648   0.82  0.389    5.211  5.203  84.2%  96.5%  <= beats both

  PIT histogram (noaa, seed=20260810) — uniform => calibrated:
    [0.0,0.1)    50  #############################################
    [0.1,0.2)    48  ###########################################
    [0.2,0.3)    49  ############################################
    [0.3,0.4)    49  ############################################
    [0.4,0.5)    39  ###################################
    [0.5,0.6)    42  ######################################
    [0.6,0.7)    47  ##########################################
    [0.7,0.8)    42  ######################################
    [0.8,0.9)    41  #####################################
    [0.9,1.0)    39  ###################################

============================================================================================================================
PRE-REGISTERED ACCEPTANCE (D-003)
============================================================================================================================
  (a) W1 MAE beats BOTH nulls  : A1 2.324 vs persist 2.226, clim 1.822  -> FAIL
  (b) 80% coverage in [70,90]% : 73.5%  -> PASS

  VERDICT: A1 does NOT meet the bar

============================================================================================================================
D-025 H1 — HORIZON HYPOTHESIS (pre-specified 2026-08-12)
============================================================================================================================
  regime=noaa

  h         n   truth   A1 MAE  persist    clim   skill vs best null   cov80
  --------------------------------------------------------------------------
  W1      446    5.89    2.324    2.226   1.822              -27.5%   73.5%
  W2      446    5.49    2.121    2.052   1.773              -19.6%   76.0%
  W3      446    1.98    1.170    4.146   4.058               71.2%   85.9%
  W4      446    0.75    0.691    5.247   5.208               86.7%   94.2%

  !! NOT COMPARABLE at W3, W4: mean truth falls from 5.89 (W1) to 0.75,
     while the nulls stay unconditional (5.25 MAE). A1's target is conditional on
     legs already at sea; past the voyage tail it empties toward zero and the nulls are
     answering a different question. The skill column is an ARTEFACT there, not a win.

  P3  nulls degrade monotonically in h : persistence NO, climatology NO  -> FAIL
      D-025: 'if they do not, the premise is wrong and H1 should be
      abandoned rather than pursued.' The nulls do not decay with h,
      so H1's mechanism has no room to operate on this target.
  P1  skill rises and peaks at h~2-3   : peak at W4 (+86.7%), rising=True  -> FAIL
  Bar (a) peak-horizon MAE beats BOTH nulls : A1 0.691 vs persist 5.247, clim 5.208  -> PASS
  Bar (b) 80% coverage in [70,90]%          : 94.2%  -> FAIL

  VERDICT: H1 NOT TESTABLE on this target — see the comparability note
[results] wrote paper/results/a1_h1.json
