[09/05/26 16:13:26] INFO     building noaa/W1: 449 as-ofs       a2_replay.py:459
                             2018-01-01 -> 2026-08-03                           
[09/05/26 16:14:33] INFO     building noaa/W2: 448 as-ofs       a2_replay.py:459
                             2018-01-01 -> 2026-07-27                           
[09/05/26 16:15:56] INFO     building gfw/W1: 449 as-ofs        a2_replay.py:459
                             2018-01-01 -> 2026-08-03                           
[09/05/26 16:16:53] INFO     building gfw/W2: 448 as-ofs        a2_replay.py:459
                             2018-01-01 -> 2026-07-27                           

==============================================================================================================================
A2 REPLAY SCORECARD — weekly US loadings
==============================================================================================================================
scored observations: 2752   span: 2019-12-30 -> 2026-08-03
non-converged fits: 0 of 2752

--- W1 ------------------------------------------------------------------------------------------------------------------
slice                         n  truth   fcst   bias     MAE   RMSE   CRPS  persist   clim  cov50  cov80
gfw/nb                      345   6.61   7.74  +1.13   2.547   3.50  1.760    2.788  2.412  53.9%  77.7%  <= beats one
gfw/poisson                 345   6.61   7.77  +1.16   2.571   3.50  1.793    2.788  2.412  49.6%  72.5%  <= beats one
noaa/nb                     345  16.87  19.47  +2.60   3.961   5.91  2.870    2.551  2.152  54.5%  75.7%
noaa/poisson                345  16.87  19.49  +2.62   3.980   5.92  2.889    2.551  2.152  54.5%  75.7%

  by year (noaa/nb):
  slice                         n  truth   fcst   bias     MAE   RMSE   CRPS  persist   clim  cov50  cov80
  2019                          1  10.00   9.78  -0.22   0.217   0.22  0.737    4.000  2.250 100.0% 100.0%  <= beats both
  2020                         52   5.67   5.36  -0.31   1.465   1.76  1.033    2.327  1.683  73.1%  96.2%  <= beats both
  2021                         52  13.77  14.40  +0.63   3.531   4.84  2.554    2.500  2.154  55.8%  78.8%
  2022                         52  17.60  18.94  +1.34   2.956   4.19  2.162    2.846  2.308  67.3%  88.5%
  2023                         52  21.12  22.70  +1.58   2.966   3.66  2.062    3.058  2.284  71.2%  94.2%  <= beats one
  2024                         53  23.32  26.00  +2.68   3.696   5.16  2.717    2.264  1.863  66.0%  84.9%
  2025                         52  29.81  37.92  +8.11   8.430  10.64  6.028    3.500  2.582  25.0%  55.8%
  2026                         31   0.00   5.30  +5.30   5.300   7.53  4.052    0.516  2.226   0.0%   0.0%

  regime-episode split (MODELS.md §0·3 #1):
  slice                         n  truth   fcst   bias     MAE   RMSE   CRPS  persist   clim  cov50  cov80
  2021-22 (crisis)            104  15.68  16.67  +0.99   3.243   4.53  2.358    2.673  2.231  61.5%  83.7%
  all other years             241  17.38  20.68  +3.30   4.270   6.41  3.090    2.498  2.118  51.5%  72.2%

  PIT histogram (seed=20260812) — uniform => calibrated:
    [0.0,0.1)    85  ###################################################################################################
    [0.1,0.2)    35  #########################################
    [0.2,0.3)    36  ##########################################
    [0.3,0.4)    34  #######################################
    [0.4,0.5)    44  ###################################################
    [0.5,0.6)    29  ##################################
    [0.6,0.7)    27  ###############################
    [0.7,0.8)    24  ############################
    [0.8,0.9)    20  #######################
    [0.9,1.0)    11  #############

--- W2 ------------------------------------------------------------------------------------------------------------------
slice                         n  truth   fcst   bias     MAE   RMSE   CRPS  persist   clim  cov50  cov80
gfw/nb                      343   6.58   7.70  +1.13   2.971   4.42  2.062    3.093  2.496  53.1%  75.2%  <= beats one
gfw/poisson                 343   6.58   7.77  +1.19   3.008   4.41  2.135    3.093  2.496  45.5%  69.7%  <= beats one
noaa/nb                     343  16.92  19.49  +2.57   4.092   6.38  2.955    2.647  2.215  54.8%  74.9%
noaa/poisson                343  16.92  19.52  +2.60   4.123   6.40  2.989    2.647  2.215  54.8%  74.9%

  by year (noaa/nb):
  slice                         n  truth   fcst   bias     MAE   RMSE   CRPS  persist   clim  cov50  cov80
  2020                         52   5.77   5.67  -0.10   1.750   2.14  1.222    2.231  1.702  63.5%  88.5%  <= beats one
  2021                         52  13.90  14.37  +0.47   3.230   4.85  2.459    2.750  2.260  61.5%  84.6%
  2022                         52  17.54  18.08  +0.54   2.982   3.79  2.074    2.981  2.163  67.3%  90.4%
  2023                         52  21.35  23.30  +1.95   3.228   3.93  2.205    2.827  2.082  67.3%  88.5%
  2024                         53  23.30  25.39  +2.09   3.517   4.47  2.455    2.623  1.967  67.9%  88.7%
  2025                         52  29.31  37.95  +8.65   8.890  12.09  6.464    3.692  3.072  32.7%  51.9%
  2026                         30   0.00   5.76  +5.76   5.762   8.73  4.444    0.533  2.300   0.0%   0.0%

  regime-episode split (MODELS.md §0·3 #1):
  slice                         n  truth   fcst   bias     MAE   RMSE   CRPS  persist   clim  cov50  cov80
  2021-22 (crisis)            104  15.72  16.22  +0.50   3.106   4.35  2.267    2.865  2.212  64.4%  87.5%
  all other years             239  17.44  20.92  +3.47   4.520   7.08  3.254    2.552  2.217  50.6%  69.5%

  PIT histogram (seed=20260812) — uniform => calibrated:
    [0.0,0.1)    82  ################################################################################################
    [0.1,0.2)    38  ############################################
    [0.2,0.3)    43  ##################################################
    [0.3,0.4)    37  ###########################################
    [0.4,0.5)    26  ##############################
    [0.5,0.6)    36  ##########################################
    [0.6,0.7)    25  #############################
    [0.7,0.8)    24  ############################
    [0.8,0.9)    18  #####################
    [0.9,1.0)    14  ################

==============================================================================================================================
COEFFICIENTS (W1, noaa/nb) — standardised units; D-016 pre-registered sign is + for all
==============================================================================================================================
feature                    mean   median  % weeks +   by era (mean)
lag1                     +0.073   +0.067       80%   2018-2020: -0.020  2021-2022: +0.066  2023-2026: +0.103
trail4                   +0.333   +0.331      100%   2018-2020: +0.171  2021-2022: +0.237  2023-2026: +0.432
in_berth                 +0.143   +0.146      100%   2018-2020: +0.184  2021-2022: +0.160  2023-2026: +0.122
ballast_arrivals_1w      -0.049   -0.043        1%   2018-2020: -0.037  2021-2022: -0.024  2023-2026: -0.067
queue_depth              +0.091   +0.087      100%   2018-2020: +0.110  2021-2022: +0.100  2023-2026: +0.081
AR block (joint)         +0.406   +0.467      100%

  NB dispersion k: mean 910299.95, median 1000000.00  (large k => effectively Poisson)

==============================================================================================================================
PRE-REGISTERED ACCEPTANCE (D-016)
==============================================================================================================================
  (a) W1 MAE beats BOTH nulls  : A2 3.961 vs persist 2.551, clim 2.152  -> FAIL
  (b) 80% coverage in [70,90]% : 75.7%  -> PASS

  VERDICT: A2 does NOT meet the bar

  (c) MECHANISM — pre-registered signs (reported, binding on the narrative, not on pass/fail):
      AR block (lag1+trail4) > 0 : +0.406  -> HOLDS
      in_berth                 > 0 : +0.143  -> HOLDS
      ballast_arrivals_1w      > 0 : -0.049  -> FALSIFIED
      queue_depth              > 0 : +0.091  -> HOLDS
[results] wrote paper/results/a2.json
