loadings=6531  regime_end=2025-12-31  grid=418 weekly as-ofs 2018-01-01 -> 2025-12-29
weekly series: mean 15.10, min 1, max 38

==========================================================================================================================
A4 REPLAY SCORECARD — weekly US loadings (Kalman)
==========================================================================================================================
scored observations: 1254   span: 2019-12-23 -> 2025-12-22

--- W1 --------------------------------------------------------------------------------------------------------------
slice                       n  truth   fcst   bias     MAE   RMSE   CRPS  persist   clim  cov50  cov80
level                     314  18.50  18.18  -0.32   2.104   2.85  1.547    2.694  2.088  49.4%  72.6%  <= beats one
trend                     314  18.50  18.43  -0.07   2.101   2.85  1.553    2.694  2.088  50.6%  74.5%  <= beats one

  by year (level):
  slice                       n  truth   fcst   bias     MAE   RMSE   CRPS  persist   clim  cov50  cov80
  2019                        2   8.00   6.72  -1.28   2.050   2.42  1.469    2.500  1.875  50.0%  50.0%  <= beats one
  2020                       52   5.67   5.75  +0.08   1.801   2.26  1.288    2.327  1.683  42.3%  69.2%  <= beats one
  2021                       52  13.77  13.10  -0.67   2.184   3.31  1.708    2.500  2.154  50.0%  69.2%  <= beats one
  2022                       52  17.60  17.58  -0.02   2.257   2.85  1.606    2.846  2.308  42.3%  63.5%  <= beats both
  2023                       52  21.12  20.71  -0.40   2.201   3.02  1.661    3.058  2.284  53.8%  73.1%  <= beats both
  2024                       53  23.32  23.12  -0.20   1.900   2.39  1.352    2.264  1.863  58.5%  81.1%  <= beats one
  2025                       51  30.08  29.41  -0.67   2.289   3.13  1.678    3.196  2.255  49.0%  80.4%  <= beats one

  regime-episode split (MODELS.md §0·3 #1):
  slice                       n  truth   fcst   bias     MAE   RMSE   CRPS  persist   clim  cov50  cov80
  2021-22 (crisis)          104  15.68  15.34  -0.35   2.221   3.09  1.657    2.673  2.231  46.2%  66.3%  <= beats both
  all other years           210  19.90  19.60  -0.30   2.046   2.72  1.493    2.705  2.018  51.0%  75.7%  <= beats one

  PIT histogram (continuous) — uniform => calibrated:
    [0.0,0.1)    41  ####################################################
    [0.1,0.2)    20  #########################
    [0.2,0.3)    20  #########################
    [0.3,0.4)    25  ################################
    [0.4,0.5)    41  ####################################################
    [0.5,0.6)    29  #####################################
    [0.6,0.7)    34  ###########################################
    [0.7,0.8)    34  ###########################################
    [0.8,0.9)    25  ################################
    [0.9,1.0)    45  #########################################################

--- W2 --------------------------------------------------------------------------------------------------------------
slice                       n  truth   fcst   bias     MAE   RMSE   CRPS  persist   clim  cov50  cov80
level                     313  18.54  18.13  -0.41   2.095   2.88  1.559    2.684  2.046  47.0%  77.0%  <= beats one
trend                     313  18.54  18.44  -0.10   2.108   2.90  1.577    2.684  2.046  50.8%  74.8%  <= beats one

  by year (level):
  slice                       n  truth   fcst   bias     MAE   RMSE   CRPS  persist   clim  cov50  cov80
  2019                        2   8.00   6.72  -1.28   1.950   2.33  1.403    1.500  2.125  50.0%  50.0%  <= beats one
  2020                       52   5.77   5.75  -0.02   1.861   2.36  1.355    2.231  1.702  36.5%  69.2%  <= beats one
  2021                       52  13.90  13.10  -0.81   2.263   3.58  1.829    2.750  2.260  57.7%  73.1%  <= beats one
  2022                       52  17.54  17.58  +0.04   2.295   2.87  1.622    2.981  2.163  40.4%  73.1%  <= beats one
  2023                       52  21.35  20.71  -0.63   2.064   2.87  1.569    2.827  2.082  48.1%  78.8%  <= beats both
  2024                       53  23.30  23.12  -0.18   1.872   2.48  1.384    2.623  1.967  52.8%  81.1%  <= beats both
  2025                       50  30.16  29.31  -0.85   2.230   2.99  1.606    2.740  2.105  46.0%  88.0%  <= beats one

  regime-episode split (MODELS.md §0·3 #1):
  slice                       n  truth   fcst   bias     MAE   RMSE   CRPS  persist   clim  cov50  cov80
  2021-22 (crisis)          104  15.72  15.34  -0.38   2.279   3.25  1.726    2.865  2.212  49.0%  73.1%  <= beats one
  all other years           209  19.95  19.52  -0.42   2.003   2.68  1.476    2.593  1.964  45.9%  78.9%  <= beats one

  PIT histogram (continuous) — uniform => calibrated:
    [0.0,0.1)    30  ######################################
    [0.1,0.2)    27  ###################################
    [0.2,0.3)    22  ############################
    [0.3,0.4)    20  ##########################
    [0.4,0.5)    40  ###################################################
    [0.5,0.6)    37  ###############################################
    [0.6,0.7)    32  #########################################
    [0.7,0.8)    37  ###############################################
    [0.8,0.9)    26  #################################
    [0.9,1.0)    42  ######################################################

==========================================================================================================================
FITTED SMOOTHING (local level, W1)
==========================================================================================================================
  equivalent EWMA alpha: mean 0.251, median 0.248  (1.0 = persistence, ->0 = heavy smoothing)
  signal-to-noise q/r  : median 0.0820
  => effective window  : ~7.0 weeks (the 4-week SMA null is the comparison)

==========================================================================================================================
PRE-REGISTERED ACCEPTANCE (D-022)
==========================================================================================================================
  (a) W1 MAE beats BOTH nulls  : A4 2.104 vs persist 2.694, clim 2.088  -> FAIL
  (b) 80% coverage in [70,90]% : 72.6%  -> PASS

  VERDICT: A4 does NOT meet the bar

  vs A2 (same target/grid, D-018): A4 2.104 vs A2 3.961  -> A4 better
[results] wrote paper/results/a4.json
